[0m15:37:31.444806 [debug] [MainThread]: Sending event: {'category': 'dbt', 'action': 'invocation', 'label': 'start', 'context': [<snowplow_tracker.self_describing_json.SelfDescribingJson object at 0x0000023F55F72CF0>, <snowplow_tracker.self_describing_json.SelfDescribingJson object at 0x0000023F58577D90>, <snowplow_tracker.self_describing_json.SelfDescribingJson object at 0x0000023F585779D0>]}


============================== 15:37:31.615362 | 52610ac7-be90-4ea9-903c-6dd7b84956c0 ==============================
[0m15:37:31.615362 [info ] [MainThread]: Running with dbt=1.12.0
[0m15:37:31.616505 [debug] [MainThread]: running dbt with arguments {'version_check': 'True', 'no_print': 'None', 'static_parser': 'True', 'warn_error_options': 'WarnErrorOptionsV2(error=[], warn=[], silence=[])', 'maximum_seed_size_mib': '1', 'target_path': 'None', 'printer_width': '80', 'write_json': 'True', 'introspect': 'True', 'log_cache_events': 'False', 'empty': 'None', 'cache_selected_only': 'False', 'fail_fast': 'False', 'debug': 'False', 'log_format': 'default', 'profiles_dir': 'C:\\Users\\jonathan.hoarau\\.dbt', 'send_anonymous_usage_stats': 'True', 'quiet': 'False', 'warn_error': 'None', 'partial_parse': 'True', 'use_colors': 'True', 'hints_enabled': 'True', 'indirect_selection': 'eager', 'use_experimental_parser': 'False', 'invocation_command': 'dbt init', 'log_path': 'logs'}
[0m15:38:08.642193 [debug] [MainThread]: Starter project path: C:\Users\jonathan.hoarau\Documents\DbtFolder\dbt_demo\.venv\Lib\site-packages\dbt\include\starter_project
[0m15:38:08.705198 [info ] [MainThread]: Setting up your profile.
[0m15:39:47.828286 [debug] [MainThread]: Snowflake adapter: Setting snowflake.connector to ERROR (file logging only)
[0m15:39:47.828723 [debug] [MainThread]: Snowflake adapter: Setting botocore to ERROR (file logging only)
[0m15:39:47.829048 [debug] [MainThread]: Snowflake adapter: Setting boto3 to ERROR (file logging only)
[0m15:43:37.637449 [error] [MainThread]: [[31mERROR[0m]: Encountered an error:

[0m15:43:37.842546 [error] [MainThread]: Traceback (most recent call last):
  File "C:\Users\jonathan.hoarau\Documents\DbtFolder\dbt_demo\.venv\Lib\site-packages\dbt\cli\requires.py", line 190, in wrapper
    result, success = func(*args, **kwargs)
                      ~~~~^^^^^^^^^^^^^^^^^
  File "C:\Users\jonathan.hoarau\Documents\DbtFolder\dbt_demo\.venv\Lib\site-packages\dbt\cli\requires.py", line 136, in wrapper
    return func(*args, **kwargs)
  File "C:\Users\jonathan.hoarau\Documents\DbtFolder\dbt_demo\.venv\Lib\site-packages\dbt\cli\main.py", line 503, in init
    results = task.run()
  File "C:\Users\jonathan.hoarau\Documents\DbtFolder\dbt_demo\.venv\Lib\site-packages\dbt\task\init.py", line 360, in run
    self.setup_profile(profile_name)
    ~~~~~~~~~~~~~~~~~~^^^^^^^^^^^^^^
  File "C:\Users\jonathan.hoarau\Documents\DbtFolder\dbt_demo\.venv\Lib\site-packages\dbt\task\init.py", line 264, in setup_profile
    self.create_profile_from_target(adapter, profile_name=profile_name)
    ~~~~~~~~~~~~~~~~~~~~~~~~~~~~~~~^^^^^^^^^^^^^^^^^^^^^^^^^^^^^^^^^^^^
  File "C:\Users\jonathan.hoarau\Documents\DbtFolder\dbt_demo\.venv\Lib\site-packages\dbt\task\init.py", line 181, in create_profile_from_target
    self.create_profile_from_profile_template(profile_template, profile_name)
    ~~~~~~~~~~~~~~~~~~~~~~~~~~~~~~~~~~~~~~~~~^^^^^^^^^^^^^^^^^^^^^^^^^^^^^^^^
  File "C:\Users\jonathan.hoarau\Documents\DbtFolder\dbt_demo\.venv\Lib\site-packages\dbt\task\init.py", line 165, in create_profile_from_profile_template
    target = self.generate_target_from_input(prompts, initial_target)
  File "C:\Users\jonathan.hoarau\Documents\DbtFolder\dbt_demo\.venv\Lib\site-packages\dbt\task\init.py", line 131, in generate_target_from_input
    target[key] = click.prompt(
                  ~~~~~~~~~~~~^
        text, default=default, hide_input=hide_input, type=type
        ^^^^^^^^^^^^^^^^^^^^^^^^^^^^^^^^^^^^^^^^^^^^^^^^^^^^^^^
    )
    ^
  File "C:\Users\jonathan.hoarau\Documents\DbtFolder\dbt_demo\.venv\Lib\site-packages\click\termui.py", line 218, in prompt
    value = prompt_func(prompt)
  File "C:\Users\jonathan.hoarau\Documents\DbtFolder\dbt_demo\.venv\Lib\site-packages\click\termui.py", line 201, in prompt_func
    raise Abort() from None
click.exceptions.Abort

[0m15:43:37.845785 [debug] [MainThread]: Command `python -m dbt.cli.main init` failed at 15:43:37.845472 after 366.77 seconds
[0m15:43:37.846618 [debug] [MainThread]: Sending event: {'category': 'dbt', 'action': 'invocation', 'label': 'end', 'context': [<snowplow_tracker.self_describing_json.SelfDescribingJson object at 0x0000023F5B3F48A0>, <snowplow_tracker.self_describing_json.SelfDescribingJson object at 0x0000023F59786D50>, <snowplow_tracker.self_describing_json.SelfDescribingJson object at 0x0000023F5B454050>]}
[0m15:43:37.847474 [debug] [MainThread]: Flushing usage events
[0m15:43:39.490246 [debug] [MainThread]: An error was encountered while trying to flush usage events
[0m15:43:50.232974 [debug] [MainThread]: Sending event: {'category': 'dbt', 'action': 'invocation', 'label': 'start', 'context': [<snowplow_tracker.self_describing_json.SelfDescribingJson object at 0x00000297151C12B0>, <snowplow_tracker.self_describing_json.SelfDescribingJson object at 0x0000029717A03ED0>, <snowplow_tracker.self_describing_json.SelfDescribingJson object at 0x0000029717A039D0>]}


============================== 15:43:50.237757 | 9b279b1b-6d21-4e24-94f4-0dc3b0fdf679 ==============================
[0m15:43:50.237757 [info ] [MainThread]: Running with dbt=1.12.0
[0m15:43:50.238385 [debug] [MainThread]: running dbt with arguments {'static_parser': 'True', 'no_print': 'None', 'maximum_seed_size_mib': '1', 'warn_error_options': 'WarnErrorOptionsV2(error=[], warn=[], silence=[])', 'target_path': 'None', 'version_check': 'True', 'printer_width': '80', 'write_json': 'True', 'introspect': 'True', 'log_cache_events': 'False', 'empty': 'None', 'cache_selected_only': 'False', 'log_format': 'default', 'debug': 'False', 'fail_fast': 'False', 'profiles_dir': 'C:\\Users\\jonathan.hoarau\\.dbt', 'send_anonymous_usage_stats': 'True', 'quiet': 'False', 'warn_error': 'None', 'partial_parse': 'True', 'use_colors': 'True', 'hints_enabled': 'True', 'indirect_selection': 'eager', 'use_experimental_parser': 'False', 'invocation_command': 'dbt init', 'log_path': 'logs'}
[0m15:46:16.314235 [debug] [MainThread]: Starter project path: C:\Users\jonathan.hoarau\Documents\DbtFolder\dbt_demo\.venv\Lib\site-packages\dbt\include\starter_project
[0m15:46:16.348807 [info ] [MainThread]: Setting up your profile.
[0m15:46:23.489793 [debug] [MainThread]: Snowflake adapter: Setting snowflake.connector to ERROR (file logging only)
[0m15:46:23.490191 [debug] [MainThread]: Snowflake adapter: Setting botocore to ERROR (file logging only)
[0m15:46:23.490455 [debug] [MainThread]: Snowflake adapter: Setting boto3 to ERROR (file logging only)
[0m15:59:42.141279 [info ] [MainThread]: Profile dbt_demo_project written to C:\Users\jonathan.hoarau\.dbt\profiles.yml using target's profile_template.yml and your supplied values.
[0m15:59:42.245318 [info ] [MainThread]: Running dbt debug to validate the project...
[0m15:59:42.246823 [info ] [MainThread]: dbt version: 1.12.0
[0m15:59:42.247770 [info ] [MainThread]: python version: 3.13.14
[0m15:59:42.248618 [info ] [MainThread]: python path: C:\Users\jonathan.hoarau\Documents\DbtFolder\dbt_demo\.venv\Scripts\python.exe
[0m15:59:42.249487 [info ] [MainThread]: os info: Windows-11-10.0.26200-SP0
[0m15:59:42.376658 [info ] [MainThread]: Using profiles dir at C:\Users\jonathan.hoarau\.dbt
[0m15:59:42.377254 [info ] [MainThread]: Using profiles.yml file at C:\Users\jonathan.hoarau\.dbt\profiles.yml
[0m15:59:42.377687 [info ] [MainThread]: Using dbt_project.yml file at C:\Users\jonathan.hoarau\Documents\DbtFolder\dbt_demo\dbt_demo_project\dbt_project.yml
[0m15:59:42.407586 [info ] [MainThread]: adapter type: snowflake
[0m15:59:42.408138 [info ] [MainThread]: adapter version: 1.12.0
[0m15:59:42.535433 [info ] [MainThread]: Configuration:
[0m15:59:42.536093 [info ] [MainThread]:   profiles.yml file [[32mOK found and valid[0m]
[0m15:59:42.536543 [info ] [MainThread]:   dbt_project.yml file [[32mOK found and valid[0m]
[0m15:59:42.536873 [info ] [MainThread]: Required dependencies:
[0m15:59:42.537402 [debug] [MainThread]: Executing "git --help"
[0m15:59:42.632166 [debug] [MainThread]: STDOUT: "b"usage: git [-v | --version] [-h | --help] [-C <path>] [-c <name>=<value>]\n           [--exec-path[=<path>]] [--html-path] [--man-path] [--info-path]\n           [-p | --paginate | -P | --no-pager] [--no-replace-objects] [--no-lazy-fetch]\n           [--no-optional-locks] [--no-advice] [--bare] [--git-dir=<path>]\n           [--work-tree=<path>] [--namespace=<name>] [--config-env=<name>=<envvar>]\n           <command> [<args>]\n\nThese are common Git commands used in various situations:\n\nstart a working area (see also: git help tutorial)\n   clone      Clone a repository into a new directory\n   init       Create an empty Git repository or reinitialize an existing one\n\nwork on the current change (see also: git help everyday)\n   add        Add file contents to the index\n   mv         Move or rename a file, a directory, or a symlink\n   restore    Restore working tree files\n   rm         Remove files from the working tree and from the index\n\nexamine the history and state (see also: git help revisions)\n   bisect     Use binary search to find the commit that introduced a bug\n   diff       Show changes between commits, commit and working tree, etc\n   grep       Print lines matching a pattern\n   log        Show commit logs\n   show       Show various types of objects\n   status     Show the working tree status\n\ngrow, mark and tweak your common history\n   backfill   Download missing objects in a partial clone\n   branch     List, create, or delete branches\n   commit     Record changes to the repository\n   history    EXPERIMENTAL: Rewrite history\n   merge      Join two or more development histories together\n   rebase     Reapply commits on top of another base tip\n   reset      Set `HEAD` or the index to a known state\n   switch     Switch branches\n   tag        Create, list, delete or verify tags\n\ncollaborate (see also: git help workflows)\n   fetch      Download objects and refs from another repository\n   pull       Fetch from and integrate with another repository or a local branch\n   push       Update remote refs along with associated objects\n\n'git help -a' and 'git help -g' list available subcommands and some\nconcept guides. See 'git help <command>' or 'git help <concept>'\nto read about a specific subcommand or concept.\nSee 'git help git' for an overview of the system.\n""
[0m15:59:42.632712 [debug] [MainThread]: STDERR: "b''"
[0m15:59:42.633181 [info ] [MainThread]:  - git [[32mOK found[0m]

[0m15:59:42.633653 [info ] [MainThread]: Connection:
[0m15:59:42.634188 [info ] [MainThread]:   account: SGIMZEM-VB97046
[0m15:59:42.634897 [info ] [MainThread]:   user: SVC_DBT
[0m15:59:42.635429 [info ] [MainThread]:   database: DEV_BRONZE
[0m15:59:42.635922 [info ] [MainThread]:   warehouse: DEV_TRANSFORM_WH
[0m15:59:42.636423 [info ] [MainThread]:   role: SVC_DBT_DEV_ROLE
[0m15:59:42.636925 [info ] [MainThread]:   schema: dbo
[0m15:59:42.637454 [info ] [MainThread]:   authenticator: None
[0m15:59:42.637956 [info ] [MainThread]:   oauth_client_id: None
[0m15:59:42.638629 [info ] [MainThread]:   query_tag: None
[0m15:59:42.639141 [info ] [MainThread]:   client_session_keep_alive: False
[0m15:59:42.639467 [info ] [MainThread]:   host: None
[0m15:59:42.639751 [info ] [MainThread]:   port: None
[0m15:59:42.640017 [info ] [MainThread]:   proxy_host: None
[0m15:59:42.640267 [info ] [MainThread]:   proxy_port: None
[0m15:59:42.640516 [info ] [MainThread]:   protocol: None
[0m15:59:42.640787 [info ] [MainThread]:   connect_retries: 1
[0m15:59:42.641071 [info ] [MainThread]:   connect_timeout: None
[0m15:59:42.641430 [info ] [MainThread]:   retry_on_database_errors: False
[0m15:59:42.641818 [info ] [MainThread]:   retry_all: False
[0m15:59:42.642320 [info ] [MainThread]:   insecure_mode: False
[0m15:59:42.642807 [info ] [MainThread]:   reuse_connections: True
[0m15:59:42.643257 [info ] [MainThread]:   s3_stage_vpce_dns_name: None
[0m15:59:42.643630 [info ] [MainThread]:   workload_identity_provider: None
[0m15:59:42.644085 [info ] [MainThread]:   workload_identity_entra_resource: None
[0m15:59:42.644559 [info ] [MainThread]:   platform_detection_timeout_seconds: 0.0
[0m15:59:42.645417 [info ] [MainThread]: Registered adapter: snowflake=1.12.0
[0m15:59:43.250468 [debug] [MainThread]: Acquiring new snowflake connection 'debug'
[0m15:59:43.306652 [debug] [MainThread]: Using snowflake connection "debug"
[0m15:59:43.307309 [debug] [MainThread]: On debug: select 1 as id
[0m15:59:43.307810 [debug] [MainThread]: Opening a new connection, currently in state init
[0m15:59:43.377930 [debug] [MainThread]: Snowflake adapter: Error running SQL: select 1 as id
[0m15:59:43.378575 [debug] [MainThread]: Snowflake adapter: Rolling back transaction.
[0m15:59:43.379141 [info ] [MainThread]:   Connection test: [[31mERROR[0m]

[0m15:59:43.379969 [info ] [MainThread]: [31m1 check failed:[0m
[0m15:59:43.380853 [info ] [MainThread]: dbt was unable to connect to the specified database.
The database returned the following error:

  >Database Error
  Incorrect password, could not decrypt key

Check your database credentials and try again. For more information, visit:
https://docs.getdbt.com/docs/configure-your-profile


[0m15:59:43.381651 [info ] [MainThread]: Your new dbt project "dbt_demo_project" was created!
Initialized new project in C:\Users\jonathan.hoarau\Documents\DbtFolder\dbt_demo\dbt_demo_project\dbt_demo_project

For more information on how to configure the profiles.yml file,
please consult the dbt documentation here:

  https://docs.getdbt.com/docs/configure-your-profile

One more thing:

Need help? Don't hesitate to reach out to us via GitHub issues or on Slack:

  https://community.getdbt.com/

Happy modeling!

[0m15:59:43.382369 [info ] [MainThread]: [31mYour profile may need adjustments. You can find the logs of `dbt debug` above[0m
[0m15:59:43.384603 [debug] [MainThread]: Command `python -m dbt.cli.main init` succeeded at 15:59:43.384333 after 953.46 seconds
[0m15:59:43.385182 [debug] [MainThread]: Connection 'debug' was left open.
[0m15:59:43.385644 [debug] [MainThread]: On debug: No close available on handle
[0m15:59:43.386385 [debug] [MainThread]: Sending event: {'category': 'dbt', 'action': 'invocation', 'label': 'end', 'context': [<snowplow_tracker.self_describing_json.SelfDescribingJson object at 0x000002971A664180>, <snowplow_tracker.self_describing_json.SelfDescribingJson object at 0x00000297177AD910>, <snowplow_tracker.self_describing_json.SelfDescribingJson object at 0x000002971948E580>]}
[0m15:59:43.387428 [debug] [MainThread]: Flushing usage events
[0m15:59:45.200105 [debug] [MainThread]: An error was encountered while trying to flush usage events
[0m16:01:17.833244 [debug] [MainThread]: Sending event: {'category': 'dbt', 'action': 'invocation', 'label': 'start', 'context': [<snowplow_tracker.self_describing_json.SelfDescribingJson object at 0x0000016765FCD2B0>, <snowplow_tracker.self_describing_json.SelfDescribingJson object at 0x0000016768803ED0>, <snowplow_tracker.self_describing_json.SelfDescribingJson object at 0x00000167688039D0>]}


============================== 16:01:17.837687 | d490097b-dc25-4efb-b670-eeacbccc4dac ==============================
[0m16:01:17.837687 [info ] [MainThread]: Running with dbt=1.12.0
[0m16:01:17.838575 [debug] [MainThread]: running dbt with arguments {'version_check': 'True', 'no_print': 'None', 'maximum_seed_size_mib': '1', 'warn_error_options': 'WarnErrorOptionsV2(error=[], warn=[], silence=[])', 'static_parser': 'True', 'target_path': 'None', 'printer_width': '80', 'write_json': 'True', 'empty': 'None', 'log_cache_events': 'False', 'introspect': 'True', 'cache_selected_only': 'False', 'fail_fast': 'False', 'debug': 'False', 'log_format': 'default', 'partial_parse': 'True', 'send_anonymous_usage_stats': 'True', 'quiet': 'False', 'warn_error': 'None', 'profiles_dir': 'C:\\Users\\jonathan.hoarau\\.dbt', 'use_colors': 'True', 'hints_enabled': 'True', 'invocation_command': 'dbt debug', 'use_experimental_parser': 'False', 'indirect_selection': 'eager', 'log_path': 'logs'}
[0m16:01:17.861264 [info ] [MainThread]: dbt version: 1.12.0
[0m16:01:17.861687 [info ] [MainThread]: python version: 3.13.14
[0m16:01:17.862002 [info ] [MainThread]: python path: C:\Users\jonathan.hoarau\Documents\DbtFolder\dbt_demo\.venv\Scripts\python.exe
[0m16:01:17.862252 [info ] [MainThread]: os info: Windows-11-10.0.26200-SP0
[0m16:01:18.247816 [debug] [MainThread]: Snowflake adapter: Setting snowflake.connector to ERROR (file logging only)
[0m16:01:18.248158 [debug] [MainThread]: Snowflake adapter: Setting botocore to ERROR (file logging only)
[0m16:01:18.248374 [debug] [MainThread]: Snowflake adapter: Setting boto3 to ERROR (file logging only)
[0m16:01:18.352902 [info ] [MainThread]: Using profiles dir at C:\Users\jonathan.hoarau\.dbt
[0m16:01:18.353421 [info ] [MainThread]: Using profiles.yml file at C:\Users\jonathan.hoarau\.dbt\profiles.yml
[0m16:01:18.353788 [info ] [MainThread]: Using dbt_project.yml file at C:\Users\jonathan.hoarau\Documents\DbtFolder\dbt_demo\dbt_project.yml
[0m16:01:18.354993 [info ] [MainThread]: adapter type: snowflake
[0m16:01:18.355312 [info ] [MainThread]: adapter version: 1.12.0
[0m16:01:18.355698 [info ] [MainThread]: Configuration:
[0m16:01:18.356031 [info ] [MainThread]:   profiles.yml file [[32mOK found and valid[0m]
[0m16:01:18.356378 [info ] [MainThread]:   dbt_project.yml file [[31mERROR not found[0m]
[0m16:01:18.356697 [info ] [MainThread]: Required dependencies:
[0m16:01:18.357021 [debug] [MainThread]: Executing "git --help"
[0m16:01:18.410264 [debug] [MainThread]: STDOUT: "b"usage: git [-v | --version] [-h | --help] [-C <path>] [-c <name>=<value>]\n           [--exec-path[=<path>]] [--html-path] [--man-path] [--info-path]\n           [-p | --paginate | -P | --no-pager] [--no-replace-objects] [--no-lazy-fetch]\n           [--no-optional-locks] [--no-advice] [--bare] [--git-dir=<path>]\n           [--work-tree=<path>] [--namespace=<name>] [--config-env=<name>=<envvar>]\n           <command> [<args>]\n\nThese are common Git commands used in various situations:\n\nstart a working area (see also: git help tutorial)\n   clone      Clone a repository into a new directory\n   init       Create an empty Git repository or reinitialize an existing one\n\nwork on the current change (see also: git help everyday)\n   add        Add file contents to the index\n   mv         Move or rename a file, a directory, or a symlink\n   restore    Restore working tree files\n   rm         Remove files from the working tree and from the index\n\nexamine the history and state (see also: git help revisions)\n   bisect     Use binary search to find the commit that introduced a bug\n   diff       Show changes between commits, commit and working tree, etc\n   grep       Print lines matching a pattern\n   log        Show commit logs\n   show       Show various types of objects\n   status     Show the working tree status\n\ngrow, mark and tweak your common history\n   backfill   Download missing objects in a partial clone\n   branch     List, create, or delete branches\n   commit     Record changes to the repository\n   history    EXPERIMENTAL: Rewrite history\n   merge      Join two or more development histories together\n   rebase     Reapply commits on top of another base tip\n   reset      Set `HEAD` or the index to a known state\n   switch     Switch branches\n   tag        Create, list, delete or verify tags\n\ncollaborate (see also: git help workflows)\n   fetch      Download objects and refs from another repository\n   pull       Fetch from and integrate with another repository or a local branch\n   push       Update remote refs along with associated objects\n\n'git help -a' and 'git help -g' list available subcommands and some\nconcept guides. See 'git help <command>' or 'git help <concept>'\nto read about a specific subcommand or concept.\nSee 'git help git' for an overview of the system.\n""
[0m16:01:18.410660 [debug] [MainThread]: STDERR: "b''"
[0m16:01:18.410957 [info ] [MainThread]:  - git [[32mOK found[0m]

[0m16:01:18.411230 [info ] [MainThread]: Connection:
[0m16:01:18.411475 [info ] [MainThread]:   account: SGIMZEM-VB97046
[0m16:01:18.411797 [info ] [MainThread]:   user: SVC_DBT
[0m16:01:18.412123 [info ] [MainThread]:   database: DEV_BRONZE
[0m16:01:18.412401 [info ] [MainThread]:   warehouse: DEV_TRANSFORM_WH
[0m16:01:18.412690 [info ] [MainThread]:   role: SVC_DBT_DEV_ROLE
[0m16:01:18.413032 [info ] [MainThread]:   schema: dbo
[0m16:01:18.413292 [info ] [MainThread]:   authenticator: None
[0m16:01:18.413574 [info ] [MainThread]:   oauth_client_id: None
[0m16:01:18.413796 [info ] [MainThread]:   query_tag: None
[0m16:01:18.413994 [info ] [MainThread]:   client_session_keep_alive: False
[0m16:01:18.414183 [info ] [MainThread]:   host: None
[0m16:01:18.414515 [info ] [MainThread]:   port: None
[0m16:01:18.414784 [info ] [MainThread]:   proxy_host: None
[0m16:01:18.415035 [info ] [MainThread]:   proxy_port: None
[0m16:01:18.415256 [info ] [MainThread]:   protocol: None
[0m16:01:18.415485 [info ] [MainThread]:   connect_retries: 1
[0m16:01:18.415693 [info ] [MainThread]:   connect_timeout: None
[0m16:01:18.415904 [info ] [MainThread]:   retry_on_database_errors: False
[0m16:01:18.416163 [info ] [MainThread]:   retry_all: False
[0m16:01:18.416423 [info ] [MainThread]:   insecure_mode: False
[0m16:01:18.416770 [info ] [MainThread]:   reuse_connections: True
[0m16:01:18.416981 [info ] [MainThread]:   s3_stage_vpce_dns_name: None
[0m16:01:18.417175 [info ] [MainThread]:   workload_identity_provider: None
[0m16:01:18.417380 [info ] [MainThread]:   workload_identity_entra_resource: None
[0m16:01:18.417573 [info ] [MainThread]:   platform_detection_timeout_seconds: 0.0
[0m16:01:18.417939 [info ] [MainThread]: Registered adapter: snowflake=1.12.0
[0m16:01:18.679942 [debug] [MainThread]: Acquiring new snowflake connection 'debug'
[0m16:01:18.682249 [debug] [MainThread]: Using snowflake connection "debug"
[0m16:01:18.682535 [debug] [MainThread]: On debug: select 1 as id
[0m16:01:18.682750 [debug] [MainThread]: Opening a new connection, currently in state init
[0m16:01:18.686752 [debug] [MainThread]: Snowflake adapter: Error running SQL: select 1 as id
[0m16:01:18.687130 [debug] [MainThread]: Snowflake adapter: Rolling back transaction.
[0m16:01:18.687413 [info ] [MainThread]:   Connection test: [[31mERROR[0m]

[0m16:01:18.687863 [info ] [MainThread]: [31m2 checks failed:[0m
[0m16:01:18.688226 [info ] [MainThread]: Project loading failed for the following reason:
 project path <C:\Users\jonathan.hoarau\Documents\DbtFolder\dbt_demo\dbt_project.yml> not found

[0m16:01:18.688540 [info ] [MainThread]: dbt was unable to connect to the specified database.
The database returned the following error:

  >Database Error
  Incorrect password, could not decrypt key

Check your database credentials and try again. For more information, visit:
https://docs.getdbt.com/docs/configure-your-profile


[0m16:01:18.689511 [debug] [MainThread]: Command `python -m dbt.cli.main debug` failed at 16:01:18.689403 after 1.07 seconds
[0m16:01:18.689753 [debug] [MainThread]: Connection 'debug' was left open.
[0m16:01:18.689976 [debug] [MainThread]: On debug: No close available on handle
[0m16:01:18.690182 [debug] [MainThread]: Sending event: {'category': 'dbt', 'action': 'invocation', 'label': 'end', 'context': [<snowplow_tracker.self_describing_json.SelfDescribingJson object at 0x000001676A11B100>, <snowplow_tracker.self_describing_json.SelfDescribingJson object at 0x000001676A1DA690>, <snowplow_tracker.self_describing_json.SelfDescribingJson object at 0x000001676A096690>]}
[0m16:01:18.690461 [debug] [MainThread]: Flushing usage events
[0m16:01:20.169027 [debug] [MainThread]: An error was encountered while trying to flush usage events
[0m17:47:22.012822 [debug] [MainThread]: Sending event: {'category': 'dbt', 'action': 'invocation', 'label': 'start', 'context': [<snowplow_tracker.self_describing_json.SelfDescribingJson object at 0x000001AD3D7DD2B0>, <snowplow_tracker.self_describing_json.SelfDescribingJson object at 0x000001AD3A6796D0>, <snowplow_tracker.self_describing_json.SelfDescribingJson object at 0x000001AD4006BB10>]}


============================== 17:47:22.018116 | 879dfe7b-5911-48fb-a20f-40ee7e84b07c ==============================
[0m17:47:22.018116 [info ] [MainThread]: Running with dbt=1.12.0
[0m17:47:22.018662 [debug] [MainThread]: running dbt with arguments {'static_parser': 'True', 'no_print': 'None', 'version_check': 'True', 'warn_error_options': 'WarnErrorOptionsV2(error=[], warn=[], silence=[])', 'target_path': 'None', 'maximum_seed_size_mib': '1', 'printer_width': '80', 'write_json': 'True', 'empty': 'False', 'log_cache_events': 'False', 'introspect': 'True', 'cache_selected_only': 'False', 'log_format': 'default', 'debug': 'False', 'fail_fast': 'False', 'partial_parse': 'True', 'send_anonymous_usage_stats': 'True', 'quiet': 'False', 'warn_error': 'None', 'profiles_dir': 'C:\\Users\\jonathan.hoarau\\.dbt', 'invocation_command': 'dbt run --select stg_clients', 'hints_enabled': 'True', 'use_colors': 'True', 'use_experimental_parser': 'False', 'indirect_selection': 'eager', 'log_path': 'logs'}
[0m17:47:22.019063 [error] [MainThread]: [[31mERROR[0m]: Encountered an error:
Runtime Error
  No dbt_project.yml found at expected path C:\Users\jonathan.hoarau\Documents\DbtFolder\dbt_demo\dbt_project.yml
  Verify that each entry within packages.yml (and their transitive dependencies) contains a file named dbt_project.yml
  
[0m17:47:22.019949 [debug] [MainThread]: Command `python -m dbt.cli.main run` failed at 17:47:22.019831 after 0.22 seconds
[0m17:47:22.020261 [debug] [MainThread]: Sending event: {'category': 'dbt', 'action': 'invocation', 'label': 'end', 'context': [<snowplow_tracker.self_describing_json.SelfDescribingJson object at 0x000001AD400AC9D0>, <snowplow_tracker.self_describing_json.SelfDescribingJson object at 0x000001AD40091910>, <snowplow_tracker.self_describing_json.SelfDescribingJson object at 0x000001AD400C0AF0>]}
[0m17:47:22.020581 [debug] [MainThread]: Flushing usage events
[0m17:47:23.384049 [debug] [MainThread]: An error was encountered while trying to flush usage events
[0m17:53:21.886274 [debug] [MainThread]: Sending event: {'category': 'dbt', 'action': 'invocation', 'label': 'start', 'context': [<snowplow_tracker.self_describing_json.SelfDescribingJson object at 0x000002018A5C52B0>, <snowplow_tracker.self_describing_json.SelfDescribingJson object at 0x00000201873D96D0>, <snowplow_tracker.self_describing_json.SelfDescribingJson object at 0x000002018CE4BB10>]}


============================== 17:53:21.892385 | 602ca24b-18fd-42ae-8e42-30431d2d3f50 ==============================
[0m17:53:21.892385 [info ] [MainThread]: Running with dbt=1.12.0
[0m17:53:21.893236 [debug] [MainThread]: running dbt with arguments {'static_parser': 'True', 'no_print': 'None', 'version_check': 'True', 'warn_error_options': 'WarnErrorOptionsV2(error=[], warn=[], silence=[])', 'target_path': 'None', 'maximum_seed_size_mib': '1', 'printer_width': '80', 'write_json': 'True', 'empty': 'False', 'log_cache_events': 'False', 'introspect': 'True', 'cache_selected_only': 'False', 'fail_fast': 'False', 'debug': 'False', 'log_format': 'default', 'partial_parse': 'True', 'send_anonymous_usage_stats': 'True', 'quiet': 'False', 'warn_error': 'None', 'profiles_dir': 'C:\\Users\\jonathan.hoarau\\.dbt', 'indirect_selection': 'eager', 'hints_enabled': 'True', 'use_colors': 'True', 'use_experimental_parser': 'False', 'invocation_command': 'dbt run --select stg_clients', 'log_path': 'logs'}
[0m17:53:21.893857 [error] [MainThread]: [[31mERROR[0m]: Encountered an error:
Runtime Error
  No dbt_project.yml found at expected path C:\Users\jonathan.hoarau\Documents\DbtFolder\dbt_demo\dbt_project.yml
  Verify that each entry within packages.yml (and their transitive dependencies) contains a file named dbt_project.yml
  
[0m17:53:21.895226 [debug] [MainThread]: Command `python -m dbt.cli.main run` failed at 17:53:21.895066 after 0.16 seconds
[0m17:53:21.895626 [debug] [MainThread]: Sending event: {'category': 'dbt', 'action': 'invocation', 'label': 'end', 'context': [<snowplow_tracker.self_describing_json.SelfDescribingJson object at 0x000002018CE8C9D0>, <snowplow_tracker.self_describing_json.SelfDescribingJson object at 0x000002018CE71910>, <snowplow_tracker.self_describing_json.SelfDescribingJson object at 0x000002018CEA0AF0>]}
[0m17:53:21.896034 [debug] [MainThread]: Flushing usage events
[0m17:53:23.230034 [debug] [MainThread]: An error was encountered while trying to flush usage events
[0m17:54:14.550226 [debug] [MainThread]: Sending event: {'category': 'dbt', 'action': 'invocation', 'label': 'start', 'context': [<snowplow_tracker.self_describing_json.SelfDescribingJson object at 0x000001EE479BD2B0>, <snowplow_tracker.self_describing_json.SelfDescribingJson object at 0x000001EE4A1F3ED0>, <snowplow_tracker.self_describing_json.SelfDescribingJson object at 0x000001EE4A1F39D0>]}


============================== 17:54:14.556817 | aa71abeb-df7e-43e4-9175-b2435a48a988 ==============================
[0m17:54:14.556817 [info ] [MainThread]: Running with dbt=1.12.0
[0m17:54:14.557459 [debug] [MainThread]: running dbt with arguments {'maximum_seed_size_mib': '1', 'no_print': 'None', 'static_parser': 'True', 'warn_error_options': 'WarnErrorOptionsV2(error=[], warn=[], silence=[])', 'version_check': 'True', 'target_path': 'None', 'printer_width': '80', 'write_json': 'True', 'introspect': 'True', 'log_cache_events': 'False', 'empty': 'None', 'cache_selected_only': 'False', 'fail_fast': 'False', 'debug': 'False', 'log_format': 'default', 'profiles_dir': 'C:\\Users\\jonathan.hoarau\\.dbt', 'send_anonymous_usage_stats': 'True', 'quiet': 'False', 'warn_error': 'None', 'partial_parse': 'True', 'indirect_selection': 'eager', 'hints_enabled': 'True', 'use_colors': 'True', 'use_experimental_parser': 'False', 'invocation_command': 'dbt debug', 'log_path': 'logs'}
[0m17:54:14.586293 [info ] [MainThread]: dbt version: 1.12.0
[0m17:54:14.586661 [info ] [MainThread]: python version: 3.13.14
[0m17:54:14.586901 [info ] [MainThread]: python path: C:\Users\jonathan.hoarau\Documents\DbtFolder\dbt_demo\.venv\Scripts\python.exe
[0m17:54:14.587131 [info ] [MainThread]: os info: Windows-11-10.0.26200-SP0
[0m17:54:15.349782 [debug] [MainThread]: Snowflake adapter: Setting snowflake.connector to ERROR (file logging only)
[0m17:54:15.350181 [debug] [MainThread]: Snowflake adapter: Setting botocore to ERROR (file logging only)
[0m17:54:15.350433 [debug] [MainThread]: Snowflake adapter: Setting boto3 to ERROR (file logging only)
[0m17:54:25.457471 [info ] [MainThread]: Using profiles dir at C:\Users\jonathan.hoarau\.dbt
[0m17:54:25.457851 [info ] [MainThread]: Using profiles.yml file at C:\Users\jonathan.hoarau\.dbt\profiles.yml
[0m17:54:25.458256 [info ] [MainThread]: Using dbt_project.yml file at C:\Users\jonathan.hoarau\Documents\DbtFolder\dbt_demo\dbt_project.yml
[0m17:54:25.459288 [info ] [MainThread]: adapter type: snowflake
[0m17:54:25.459544 [info ] [MainThread]: adapter version: 1.12.0
[0m17:54:25.459946 [info ] [MainThread]: Configuration:
[0m17:54:25.460231 [info ] [MainThread]:   profiles.yml file [[32mOK found and valid[0m]
[0m17:54:25.460512 [info ] [MainThread]:   dbt_project.yml file [[31mERROR not found[0m]
[0m17:54:25.460788 [info ] [MainThread]: Required dependencies:
[0m17:54:25.461074 [debug] [MainThread]: Executing "git --help"
[0m17:54:25.515321 [debug] [MainThread]: STDOUT: "b"usage: git [-v | --version] [-h | --help] [-C <path>] [-c <name>=<value>]\n           [--exec-path[=<path>]] [--html-path] [--man-path] [--info-path]\n           [-p | --paginate | -P | --no-pager] [--no-replace-objects] [--no-lazy-fetch]\n           [--no-optional-locks] [--no-advice] [--bare] [--git-dir=<path>]\n           [--work-tree=<path>] [--namespace=<name>] [--config-env=<name>=<envvar>]\n           <command> [<args>]\n\nThese are common Git commands used in various situations:\n\nstart a working area (see also: git help tutorial)\n   clone      Clone a repository into a new directory\n   init       Create an empty Git repository or reinitialize an existing one\n\nwork on the current change (see also: git help everyday)\n   add        Add file contents to the index\n   mv         Move or rename a file, a directory, or a symlink\n   restore    Restore working tree files\n   rm         Remove files from the working tree and from the index\n\nexamine the history and state (see also: git help revisions)\n   bisect     Use binary search to find the commit that introduced a bug\n   diff       Show changes between commits, commit and working tree, etc\n   grep       Print lines matching a pattern\n   log        Show commit logs\n   show       Show various types of objects\n   status     Show the working tree status\n\ngrow, mark and tweak your common history\n   backfill   Download missing objects in a partial clone\n   branch     List, create, or delete branches\n   commit     Record changes to the repository\n   history    EXPERIMENTAL: Rewrite history\n   merge      Join two or more development histories together\n   rebase     Reapply commits on top of another base tip\n   reset      Set `HEAD` or the index to a known state\n   switch     Switch branches\n   tag        Create, list, delete or verify tags\n\ncollaborate (see also: git help workflows)\n   fetch      Download objects and refs from another repository\n   pull       Fetch from and integrate with another repository or a local branch\n   push       Update remote refs along with associated objects\n\n'git help -a' and 'git help -g' list available subcommands and some\nconcept guides. See 'git help <command>' or 'git help <concept>'\nto read about a specific subcommand or concept.\nSee 'git help git' for an overview of the system.\n""
[0m17:54:25.515732 [debug] [MainThread]: STDERR: "b''"
[0m17:54:25.516038 [info ] [MainThread]:  - git [[32mOK found[0m]

[0m17:54:25.516315 [info ] [MainThread]: Connection:
[0m17:54:25.516620 [info ] [MainThread]:   account: SGIMZEM-VB97046
[0m17:54:25.516928 [info ] [MainThread]:   user: SVC_DBT
[0m17:54:25.517191 [info ] [MainThread]:   database: DEV_BRONZE
[0m17:54:25.517407 [info ] [MainThread]:   warehouse: DEV_TRANSFORM_WH
[0m17:54:25.517602 [info ] [MainThread]:   role: SVC_DBT_DEV_ROLE
[0m17:54:25.517804 [info ] [MainThread]:   schema: GED
[0m17:54:25.517995 [info ] [MainThread]:   authenticator: None
[0m17:54:25.518178 [info ] [MainThread]:   oauth_client_id: None
[0m17:54:25.518358 [info ] [MainThread]:   query_tag: None
[0m17:54:25.518541 [info ] [MainThread]:   client_session_keep_alive: False
[0m17:54:25.518724 [info ] [MainThread]:   host: None
[0m17:54:25.518925 [info ] [MainThread]:   port: None
[0m17:54:25.519109 [info ] [MainThread]:   proxy_host: None
[0m17:54:25.519289 [info ] [MainThread]:   proxy_port: None
[0m17:54:25.519465 [info ] [MainThread]:   protocol: None
[0m17:54:25.519638 [info ] [MainThread]:   connect_retries: 1
[0m17:54:25.519814 [info ] [MainThread]:   connect_timeout: None
[0m17:54:25.519992 [info ] [MainThread]:   retry_on_database_errors: False
[0m17:54:25.520170 [info ] [MainThread]:   retry_all: False
[0m17:54:25.520355 [info ] [MainThread]:   insecure_mode: False
[0m17:54:25.520535 [info ] [MainThread]:   reuse_connections: True
[0m17:54:25.520715 [info ] [MainThread]:   s3_stage_vpce_dns_name: None
[0m17:54:25.520898 [info ] [MainThread]:   workload_identity_provider: None
[0m17:54:25.521158 [info ] [MainThread]:   workload_identity_entra_resource: None
[0m17:54:25.521502 [info ] [MainThread]:   platform_detection_timeout_seconds: 0.0
[0m17:54:25.522056 [info ] [MainThread]: Registered adapter: snowflake=1.12.0
[0m17:54:26.161342 [debug] [MainThread]: Acquiring new snowflake connection 'debug'
[0m17:54:26.163586 [debug] [MainThread]: Using snowflake connection "debug"
[0m17:54:26.163841 [debug] [MainThread]: On debug: select 1 as id
[0m17:54:26.164025 [debug] [MainThread]: Opening a new connection, currently in state init
[0m17:54:28.732450 [debug] [MainThread]: SQL status: SUCCESS 1 in 2.568 seconds
[0m17:54:28.734399 [info ] [MainThread]:   Connection test: [[32mOK connection ok[0m]

[0m17:54:28.735511 [info ] [MainThread]: [31m1 check failed:[0m
[0m17:54:28.736193 [info ] [MainThread]: Project loading failed for the following reason:
 project path <C:\Users\jonathan.hoarau\Documents\DbtFolder\dbt_demo\dbt_project.yml> not found

[0m17:54:28.736995 [debug] [MainThread]: Command `python -m dbt.cli.main debug` failed at 17:54:28.736902 after 14.38 seconds
[0m17:54:28.737332 [debug] [MainThread]: Connection 'debug' was left open.
[0m17:54:28.737832 [debug] [MainThread]: On debug: Close
[0m17:54:29.471945 [debug] [MainThread]: Sending event: {'category': 'dbt', 'action': 'invocation', 'label': 'end', 'context': [<snowplow_tracker.self_describing_json.SelfDescribingJson object at 0x000001EE4BAEB360>, <snowplow_tracker.self_describing_json.SelfDescribingJson object at 0x000001EE4BBABE30>, <snowplow_tracker.self_describing_json.SelfDescribingJson object at 0x000001EE4BA66AD0>]}
[0m17:54:29.473004 [debug] [MainThread]: Flushing usage events
[0m17:54:30.932603 [debug] [MainThread]: An error was encountered while trying to flush usage events
[0m17:55:11.131161 [debug] [MainThread]: Sending event: {'category': 'dbt', 'action': 'invocation', 'label': 'start', 'context': [<snowplow_tracker.self_describing_json.SelfDescribingJson object at 0x0000025A1C4F12B0>, <snowplow_tracker.self_describing_json.SelfDescribingJson object at 0x0000025A1ED33ED0>, <snowplow_tracker.self_describing_json.SelfDescribingJson object at 0x0000025A1ED339D0>]}


============================== 17:55:11.135493 | fb7f5212-385e-4f22-9d66-43eddf227adc ==============================
[0m17:55:11.135493 [info ] [MainThread]: Running with dbt=1.12.0
[0m17:55:11.136133 [debug] [MainThread]: running dbt with arguments {'static_parser': 'True', 'no_print': 'None', 'maximum_seed_size_mib': '1', 'target_path': 'None', 'warn_error_options': 'WarnErrorOptionsV2(error=[], warn=[], silence=[])', 'version_check': 'True', 'printer_width': '80', 'write_json': 'True', 'introspect': 'True', 'log_cache_events': 'False', 'empty': 'None', 'cache_selected_only': 'False', 'fail_fast': 'False', 'debug': 'False', 'log_format': 'default', 'profiles_dir': 'C:\\Users\\jonathan.hoarau\\.dbt', 'send_anonymous_usage_stats': 'True', 'quiet': 'False', 'warn_error': 'None', 'partial_parse': 'True', 'use_colors': 'True', 'hints_enabled': 'True', 'invocation_command': 'dbt debug', 'use_experimental_parser': 'False', 'indirect_selection': 'eager', 'log_path': 'logs'}
[0m17:55:11.157153 [info ] [MainThread]: dbt version: 1.12.0
[0m17:55:11.157681 [info ] [MainThread]: python version: 3.13.14
[0m17:55:11.158077 [info ] [MainThread]: python path: C:\Users\jonathan.hoarau\Documents\DbtFolder\dbt_demo\.venv\Scripts\python.exe
[0m17:55:11.158388 [info ] [MainThread]: os info: Windows-11-10.0.26200-SP0
[0m17:55:11.677869 [debug] [MainThread]: Snowflake adapter: Setting snowflake.connector to ERROR (file logging only)
[0m17:55:11.678309 [debug] [MainThread]: Snowflake adapter: Setting botocore to ERROR (file logging only)
[0m17:55:11.678586 [debug] [MainThread]: Snowflake adapter: Setting boto3 to ERROR (file logging only)
[0m17:55:11.815573 [info ] [MainThread]: Using profiles dir at C:\Users\jonathan.hoarau\.dbt
[0m17:55:11.816112 [info ] [MainThread]: Using profiles.yml file at C:\Users\jonathan.hoarau\.dbt\profiles.yml
[0m17:55:11.816544 [info ] [MainThread]: Using dbt_project.yml file at C:\Users\jonathan.hoarau\Documents\DbtFolder\dbt_demo\dbt_project.yml
[0m17:55:11.817947 [info ] [MainThread]: adapter type: snowflake
[0m17:55:11.818366 [info ] [MainThread]: adapter version: 1.12.0
[0m17:55:11.818777 [info ] [MainThread]: Configuration:
[0m17:55:11.819208 [info ] [MainThread]:   profiles.yml file [[32mOK found and valid[0m]
[0m17:55:11.819554 [info ] [MainThread]:   dbt_project.yml file [[31mERROR not found[0m]
[0m17:55:11.819906 [info ] [MainThread]: Required dependencies:
[0m17:55:11.820248 [debug] [MainThread]: Executing "git --help"
[0m17:55:11.877919 [debug] [MainThread]: STDOUT: "b"usage: git [-v | --version] [-h | --help] [-C <path>] [-c <name>=<value>]\n           [--exec-path[=<path>]] [--html-path] [--man-path] [--info-path]\n           [-p | --paginate | -P | --no-pager] [--no-replace-objects] [--no-lazy-fetch]\n           [--no-optional-locks] [--no-advice] [--bare] [--git-dir=<path>]\n           [--work-tree=<path>] [--namespace=<name>] [--config-env=<name>=<envvar>]\n           <command> [<args>]\n\nThese are common Git commands used in various situations:\n\nstart a working area (see also: git help tutorial)\n   clone      Clone a repository into a new directory\n   init       Create an empty Git repository or reinitialize an existing one\n\nwork on the current change (see also: git help everyday)\n   add        Add file contents to the index\n   mv         Move or rename a file, a directory, or a symlink\n   restore    Restore working tree files\n   rm         Remove files from the working tree and from the index\n\nexamine the history and state (see also: git help revisions)\n   bisect     Use binary search to find the commit that introduced a bug\n   diff       Show changes between commits, commit and working tree, etc\n   grep       Print lines matching a pattern\n   log        Show commit logs\n   show       Show various types of objects\n   status     Show the working tree status\n\ngrow, mark and tweak your common history\n   backfill   Download missing objects in a partial clone\n   branch     List, create, or delete branches\n   commit     Record changes to the repository\n   history    EXPERIMENTAL: Rewrite history\n   merge      Join two or more development histories together\n   rebase     Reapply commits on top of another base tip\n   reset      Set `HEAD` or the index to a known state\n   switch     Switch branches\n   tag        Create, list, delete or verify tags\n\ncollaborate (see also: git help workflows)\n   fetch      Download objects and refs from another repository\n   pull       Fetch from and integrate with another repository or a local branch\n   push       Update remote refs along with associated objects\n\n'git help -a' and 'git help -g' list available subcommands and some\nconcept guides. See 'git help <command>' or 'git help <concept>'\nto read about a specific subcommand or concept.\nSee 'git help git' for an overview of the system.\n""
[0m17:55:11.878372 [debug] [MainThread]: STDERR: "b''"
[0m17:55:11.878745 [info ] [MainThread]:  - git [[32mOK found[0m]

[0m17:55:11.879162 [info ] [MainThread]: Connection:
[0m17:55:11.879537 [info ] [MainThread]:   account: SGIMZEM-VB97046
[0m17:55:11.879858 [info ] [MainThread]:   user: SVC_DBT
[0m17:55:11.880181 [info ] [MainThread]:   database: DEV_BRONZE
[0m17:55:11.880484 [info ] [MainThread]:   warehouse: DEV_TRANSFORM_WH
[0m17:55:11.880799 [info ] [MainThread]:   role: SVC_DBT_DEV_ROLE
[0m17:55:11.881124 [info ] [MainThread]:   schema: GED
[0m17:55:11.881474 [info ] [MainThread]:   authenticator: None
[0m17:55:11.881767 [info ] [MainThread]:   oauth_client_id: None
[0m17:55:11.882033 [info ] [MainThread]:   query_tag: None
[0m17:55:11.882306 [info ] [MainThread]:   client_session_keep_alive: False
[0m17:55:11.882568 [info ] [MainThread]:   host: None
[0m17:55:11.882835 [info ] [MainThread]:   port: None
[0m17:55:11.883096 [info ] [MainThread]:   proxy_host: None
[0m17:55:11.883347 [info ] [MainThread]:   proxy_port: None
[0m17:55:11.883579 [info ] [MainThread]:   protocol: None
[0m17:55:11.883832 [info ] [MainThread]:   connect_retries: 1
[0m17:55:11.884187 [info ] [MainThread]:   connect_timeout: None
[0m17:55:11.884580 [info ] [MainThread]:   retry_on_database_errors: False
[0m17:55:11.885049 [info ] [MainThread]:   retry_all: False
[0m17:55:11.885756 [info ] [MainThread]:   insecure_mode: False
[0m17:55:11.886136 [info ] [MainThread]:   reuse_connections: True
[0m17:55:11.886467 [info ] [MainThread]:   s3_stage_vpce_dns_name: None
[0m17:55:11.886759 [info ] [MainThread]:   workload_identity_provider: None
[0m17:55:11.887030 [info ] [MainThread]:   workload_identity_entra_resource: None
[0m17:55:11.887371 [info ] [MainThread]:   platform_detection_timeout_seconds: 0.0
[0m17:55:11.888030 [info ] [MainThread]: Registered adapter: snowflake=1.12.0
[0m17:55:12.236808 [debug] [MainThread]: Acquiring new snowflake connection 'debug'
[0m17:55:12.239082 [debug] [MainThread]: Using snowflake connection "debug"
[0m17:55:12.239373 [debug] [MainThread]: On debug: select 1 as id
[0m17:55:12.239604 [debug] [MainThread]: Opening a new connection, currently in state init
[0m17:55:14.313877 [debug] [MainThread]: SQL status: SUCCESS 1 in 2.074 seconds
[0m17:55:14.315123 [info ] [MainThread]:   Connection test: [[32mOK connection ok[0m]

[0m17:55:14.315640 [info ] [MainThread]: [31m1 check failed:[0m
[0m17:55:14.316047 [info ] [MainThread]: Project loading failed for the following reason:
 project path <C:\Users\jonathan.hoarau\Documents\DbtFolder\dbt_demo\dbt_project.yml> not found

[0m17:55:14.316972 [debug] [MainThread]: Command `python -m dbt.cli.main debug` failed at 17:55:14.316855 after 3.36 seconds
[0m17:55:14.317271 [debug] [MainThread]: Connection 'debug' was left open.
[0m17:55:14.317526 [debug] [MainThread]: On debug: Close
[0m17:55:15.068235 [debug] [MainThread]: Sending event: {'category': 'dbt', 'action': 'invocation', 'label': 'end', 'context': [<snowplow_tracker.self_describing_json.SelfDescribingJson object at 0x0000025A2066F360>, <snowplow_tracker.self_describing_json.SelfDescribingJson object at 0x0000025A2072BD10>, <snowplow_tracker.self_describing_json.SelfDescribingJson object at 0x0000025A205E6AD0>]}
[0m17:55:15.069162 [debug] [MainThread]: Flushing usage events
[0m17:55:16.491653 [debug] [MainThread]: An error was encountered while trying to flush usage events
[0m05:25:34.606915 [debug] [MainThread]: Sending event: {'category': 'dbt', 'action': 'invocation', 'label': 'start', 'context': [<snowplow_tracker.self_describing_json.SelfDescribingJson object at 0x00000205B4E5D2B0>, <snowplow_tracker.self_describing_json.SelfDescribingJson object at 0x00000205B1D496D0>, <snowplow_tracker.self_describing_json.SelfDescribingJson object at 0x00000205B76DBB10>]}


============================== 05:25:34.618795 | 01b1d672-b5af-4783-977c-0ff462e6b302 ==============================
[0m05:25:34.618795 [info ] [MainThread]: Running with dbt=1.12.0
[0m05:25:34.619812 [debug] [MainThread]: running dbt with arguments {'version_check': 'True', 'no_print': 'None', 'static_parser': 'True', 'target_path': 'None', 'maximum_seed_size_mib': '1', 'warn_error_options': 'WarnErrorOptionsV2(error=[], warn=[], silence=[])', 'printer_width': '80', 'write_json': 'True', 'empty': 'False', 'log_cache_events': 'False', 'introspect': 'True', 'cache_selected_only': 'False', 'log_format': 'default', 'debug': 'False', 'fail_fast': 'False', 'partial_parse': 'True', 'send_anonymous_usage_stats': 'True', 'quiet': 'False', 'warn_error': 'None', 'profiles_dir': 'C:\\Users\\jonathan.hoarau\\.dbt', 'indirect_selection': 'eager', 'hints_enabled': 'True', 'use_colors': 'True', 'use_experimental_parser': 'False', 'invocation_command': 'dbt run', 'log_path': 'logs'}
[0m05:25:34.620438 [error] [MainThread]: [[31mERROR[0m]: Encountered an error:
Runtime Error
  No dbt_project.yml found at expected path C:\Users\jonathan.hoarau\Documents\DbtFolder\dbt_demo\dbt_project.yml
  Verify that each entry within packages.yml (and their transitive dependencies) contains a file named dbt_project.yml
  
[0m05:25:34.622574 [debug] [MainThread]: Command `python -m dbt.cli.main run` failed at 05:25:34.622337 after 0.41 seconds
[0m05:25:34.623174 [debug] [MainThread]: Sending event: {'category': 'dbt', 'action': 'invocation', 'label': 'end', 'context': [<snowplow_tracker.self_describing_json.SelfDescribingJson object at 0x00000205B771C9D0>, <snowplow_tracker.self_describing_json.SelfDescribingJson object at 0x00000205B7701910>, <snowplow_tracker.self_describing_json.SelfDescribingJson object at 0x00000205B7730AF0>]}
[0m05:25:34.623805 [debug] [MainThread]: Flushing usage events
[0m05:25:36.685991 [debug] [MainThread]: An error was encountered while trying to flush usage events
[0m05:25:58.517528 [debug] [MainThread]: Sending event: {'category': 'dbt', 'action': 'invocation', 'label': 'start', 'context': [<snowplow_tracker.self_describing_json.SelfDescribingJson object at 0x000001ED5D81D2B0>, <snowplow_tracker.self_describing_json.SelfDescribingJson object at 0x000001ED5A6196D0>, <snowplow_tracker.self_describing_json.SelfDescribingJson object at 0x000001ED6009BB10>]}


============================== 05:25:58.526249 | 058c0e6d-a15d-4aa6-9323-d3e8e2700b0d ==============================
[0m05:25:58.526249 [info ] [MainThread]: Running with dbt=1.12.0
[0m05:25:58.527476 [debug] [MainThread]: running dbt with arguments {'maximum_seed_size_mib': '1', 'no_print': 'None', 'version_check': 'True', 'warn_error_options': 'WarnErrorOptionsV2(error=[], warn=[], silence=[])', 'static_parser': 'True', 'target_path': 'None', 'printer_width': '80', 'write_json': 'True', 'introspect': 'True', 'log_cache_events': 'False', 'empty': 'False', 'cache_selected_only': 'False', 'log_format': 'default', 'debug': 'False', 'fail_fast': 'False', 'profiles_dir': 'C:\\Users\\jonathan.hoarau\\.dbt', 'send_anonymous_usage_stats': 'True', 'quiet': 'False', 'warn_error': 'None', 'partial_parse': 'True', 'invocation_command': 'dbt run --select stg_clients', 'hints_enabled': 'True', 'indirect_selection': 'eager', 'use_experimental_parser': 'False', 'use_colors': 'True', 'log_path': 'logs'}
[0m05:25:58.528438 [error] [MainThread]: [[31mERROR[0m]: Encountered an error:
Runtime Error
  No dbt_project.yml found at expected path C:\Users\jonathan.hoarau\Documents\DbtFolder\dbt_demo\dbt_project.yml
  Verify that each entry within packages.yml (and their transitive dependencies) contains a file named dbt_project.yml
  
[0m05:25:58.530312 [debug] [MainThread]: Command `python -m dbt.cli.main run` failed at 05:25:58.530095 after 0.28 seconds
[0m05:25:58.530951 [debug] [MainThread]: Sending event: {'category': 'dbt', 'action': 'invocation', 'label': 'end', 'context': [<snowplow_tracker.self_describing_json.SelfDescribingJson object at 0x000001ED600DC9D0>, <snowplow_tracker.self_describing_json.SelfDescribingJson object at 0x000001ED600C1910>, <snowplow_tracker.self_describing_json.SelfDescribingJson object at 0x000001ED600F0AF0>]}
[0m05:25:58.531656 [debug] [MainThread]: Flushing usage events
[0m05:26:00.124631 [debug] [MainThread]: An error was encountered while trying to flush usage events
[0m06:48:17.719846 [debug] [MainThread]: Sending event: {'category': 'dbt', 'action': 'invocation', 'label': 'start', 'context': [<snowplow_tracker.self_describing_json.SelfDescribingJson object at 0x000001A1CD1ED550>, <snowplow_tracker.self_describing_json.SelfDescribingJson object at 0x000001A1CAED9590>, <snowplow_tracker.self_describing_json.SelfDescribingJson object at 0x000001A1CF7BBC50>]}


============================== 06:48:17.831018 | 305318cf-7b0f-4589-ac6d-299ef55d0c98 ==============================
[0m06:48:17.831018 [info ] [MainThread]: Running with dbt=1.11.11
[0m06:48:17.832409 [debug] [MainThread]: running dbt with arguments {'static_parser': 'True', 'no_print': 'None', 'version_check': 'True', 'warn_error_options': 'WarnErrorOptionsV2(error=[], warn=[], silence=[])', 'target_path': 'None', 'printer_width': '80', 'write_json': 'True', 'introspect': 'True', 'log_cache_events': 'False', 'empty': 'False', 'cache_selected_only': 'False', 'log_format': 'default', 'debug': 'False', 'fail_fast': 'False', 'partial_parse': 'True', 'send_anonymous_usage_stats': 'True', 'quiet': 'False', 'warn_error': 'None', 'profiles_dir': 'C:\\Users\\jonathan.hoarau\\.dbt', 'indirect_selection': 'eager', 'use_colors': 'True', 'invocation_command': 'dbt run', 'use_experimental_parser': 'False', 'log_path': 'logs'}
[0m06:48:17.832824 [error] [MainThread]: Encountered an error:
Runtime Error
  No dbt_project.yml found at expected path C:\Users\jonathan.hoarau\Documents\DbtFolder\dbt_demo\dbt_project.yml
  Verify that each entry within packages.yml (and their transitive dependencies) contains a file named dbt_project.yml
  
[0m06:48:17.833722 [debug] [MainThread]: Command `python -m dbt.cli.main run` failed at 06:48:17.833624 after 0.37 seconds
[0m06:48:17.833973 [debug] [MainThread]: Sending event: {'category': 'dbt', 'action': 'invocation', 'label': 'end', 'context': [<snowplow_tracker.self_describing_json.SelfDescribingJson object at 0x000001A1CF77CE90>, <snowplow_tracker.self_describing_json.SelfDescribingJson object at 0x000001A1CF70CEF0>, <snowplow_tracker.self_describing_json.SelfDescribingJson object at 0x000001A1CF722AD0>]}
[0m06:48:17.834227 [debug] [MainThread]: Flushing usage events
[0m06:48:19.240226 [debug] [MainThread]: An error was encountered while trying to flush usage events
